           ÿÿÿÿ   ÿÿÿÿÿÿÿÿ           ÿÿÿÿ   ÿÿÿÿÿÿÿÿ                    ÿÿÿÿÿÿÿÿ